[aliensix.com/particles-1.4/HTML/index-default-particles.html]
[backblue.gif]
[fade.gif]
[index.html]
[aliensix.com/particles-1.4/HTML/css/royal_preloader.css]
[aliensix.com/particles-1.4/HTML/js/royal_preloader.min.js]
[aliensix.com/particles-1.4/HTML/css/bootstrap.min.css]
[aliensix.com/particles-1.4/HTML/css/ionicons.min.css]
[aliensix.com/particles-1.4/HTML/js/parallax.min.js]
[aliensix.com/particles-1.4/HTML/css/pe-icon-7-stroke.css]
[aliensix.com/particles-1.4/HTML/css/magnific-popup.css]
[aliensix.com/particles-1.4/HTML/css/logoiconfont.css]
[cdnjs.cloudflare.com/ajax/libs/jquery/3.1.0/jquery.min.js]
[aliensix.com/particles-1.4/HTML/css/style.css]
[aliensix.com/particles-1.4/HTML/css/style-switcher.css]
[aliensix.com/particles-1.4/HTML/css/colors/blue.css]
[aliensix.com/particles-1.4/HTML/css/colors/green.css]
[aliensix.com/particles-1.4/HTML/css/colors/orange.css]
[aliensix.com/particles-1.4/HTML/css/colors/red.css]
[aliensix.com/particles-1.4/HTML/css/colors/orangelight.css]
[aliensix.com/particles-1.4/HTML/css/colors/pinkish.css]
[aliensix.com/particles-1.4/HTML/css/colors/seagul.css]
[aliensix.com/particles-1.4/HTML/css/base-light.css]
[aliensix.com/particles-1.4/HTML/components.html]
[aliensix.com/particles-1.4/HTML/pricing-options.html]
[aliensix.com/particles-1.4/HTML/team-options.html]
[aliensix.com/particles-1.4/HTML/images/placeholder.png]
[aliensix.com/particles-1.4/HTML/images/placeholder2.png]
[aliensix.com/particles-1.4/HTML/images/placeholder3.png]
[aliensix.com/particles-1.4/HTML/images/slider1.jpg]
[aliensix.com/particles-1.4/HTML/images/team-member-1.jpg]
[aliensix.com/particles-1.4/HTML/images/work/1.jpg]
[aliensix.com/particles-1.4/HTML/images/work/2.jpg]
[aliensix.com/particles-1.4/HTML/images/work/3.jpg]
[aliensix.com/particles-1.4/HTML/images/work/4.jpg]
[aliensix.com/particles-1.4/HTML/images/work/5.jpg]
[aliensix.com/particles-1.4/HTML/images/work/6.jpg]
[aliensix.com/particles-1.4/HTML/images/work/7.jpg]
[aliensix.com/particles-1.4/HTML/images/work/8.jpg]
[aliensix.com/particles-1.4/HTML/images/work/9.jpg]
[aliensix.com/particles-1.4/HTML/images/timeline-1.jpg]
[aliensix.com/particles-1.4/HTML/images/timeline-2.jpg]
[aliensix.com/particles-1.4/HTML/images/timeline-3.jpg]
[aliensix.com/particles-1.4/HTML/images/timeline-4.jpg]
[aliensix.com/particles-1.4/HTML/images/team-member-2.jpg]
[aliensix.com/particles-1.4/HTML/images/team-member-3.jpg]
[aliensix.com/particles-1.4/HTML/images/team-member-4.jpg]
[aliensix.com/particles-1.4/HTML/images/logos/coca.png]
[aliensix.com/particles-1.4/HTML/images/logos/ebay.png]
[aliensix.com/particles-1.4/HTML/images/logos/microsoft.png]
[aliensix.com/particles-1.4/HTML/images/logos/pepsi.png]
[aliensix.com/particles-1.4/HTML/js/bootstrap.min.js]
[aliensix.com/particles-1.4/HTML/js/particles.min.js]
[aliensix.com/particles-1.4/HTML/js/particlesRun.js]
[aliensix.com/particles-1.4/HTML/js/jquery.mixitup.js]
[aliensix.com/particles-1.4/HTML/js/form-validator.min.js]
[aliensix.com/particles-1.4/HTML/js/jquery.inview.min.js]
[aliensix.com/particles-1.4/HTML/js/jquery.countTo.js]
[aliensix.com/particles-1.4/HTML/js/jquery.magnific-popup.min.js]
[aliensix.com/particles-1.4/HTML/js/scrollreveal.min.js]
[aliensix.com/particles-1.4/HTML/js/style-switcher.js]
[aliensix.com/particles-1.4/HTML/js/main.js]
[aliensix.com/particles-1.4/HTML/index-default-particles.html]
[aliensix.com/particles-1.4/HTML/css/royal_preloader.css]
[aliensix.com/particles-1.4/HTML/fonts/glyphicons-halflings-regular.eot]
[aliensix.com/particles-1.4/HTML/fonts/glyphicons-halflings-regulard41d.eot]
[aliensix.com/particles-1.4/HTML/fonts/glyphicons-halflings-regular.woff]
[aliensix.com/particles-1.4/HTML/fonts/glyphicons-halflings-regular.woff2]
[aliensix.com/particles-1.4/HTML/fonts/glyphicons-halflings-regular.ttf]
[aliensix.com/particles-1.4/HTML/css/bootstrap.min.css]
[aliensix.com/particles-1.4/HTML/fonts/ionicons28b5.eot]
[aliensix.com/particles-1.4/HTML/fonts/ionicons28b5.ttf]
[aliensix.com/particles-1.4/HTML/fonts/ionicons28b5.woff]
[aliensix.com/particles-1.4/HTML/css/ionicons.min.css]
[aliensix.com/particles-1.4/HTML/fonts/Pe-icon-7-strokebb1d.eot]
[aliensix.com/particles-1.4/HTML/fonts/Pe-icon-7-stroked41d.eot]
[aliensix.com/particles-1.4/HTML/fonts/Pe-icon-7-strokebb1d.woff]
[aliensix.com/particles-1.4/HTML/fonts/Pe-icon-7-strokebb1d.ttf]
[aliensix.com/particles-1.4/HTML/css/pe-icon-7-stroke.css]
[aliensix.com/particles-1.4/HTML/css/magnific-popup.css]
[aliensix.com/particles-1.4/HTML/css/logoiconfont.css]
[aliensix.com/particles-1.4/HTML/images/arrow-bg-hover.png]
[aliensix.com/particles-1.4/HTML/css/style.css]
[aliensix.com/particles-1.4/HTML/css/style-switcher.css]
[aliensix.com/particles-1.4/HTML/css/colors/blue.css]
[aliensix.com/particles-1.4/HTML/css/colors/green.css]
[aliensix.com/particles-1.4/HTML/css/colors/orange.css]
[aliensix.com/particles-1.4/HTML/css/colors/red.css]
[aliensix.com/particles-1.4/HTML/css/colors/orangelight.css]
[aliensix.com/particles-1.4/HTML/css/colors/pinkish.css]
[aliensix.com/particles-1.4/HTML/css/colors/seagul.css]
[aliensix.com/particles-1.4/HTML/css/base-light.css]
[aliensix.com/particles-1.4/HTML/index.html]
[aliensix.com/particles-1.4/HTML/images/iconfonts-bg.jpg]
[aliensix.com/particles-1.4/HTML/images/icons.jpg]
[aliensix.com/particles-1.4/HTML/components.html]
[aliensix.com/particles-1.4/HTML/pricing-options.html]
[aliensix.com/particles-1.4/HTML/team-options.html]
[aliensix.com/particles-1.4/HTML/fonts/glyphicons-halflings-regular.svg]
[aliensix.com/particles-1.4/HTML/fonts/ionicons28b5.svg]
[aliensix.com/particles-1.4/HTML/fonts/Pe-icon-7-strokebb1d.svg]
[file.myfontastic.com/gC6yNbQq8CqvXgSqXQZAoH/fonts/1459824891.eot]
[file.myfontastic.com/gC6yNbQq8CqvXgSqXQZAoH/fonts/1459824891d41d.eot]
[file.myfontastic.com/gC6yNbQq8CqvXgSqXQZAoH/fonts/1459824891.woff]
[file.myfontastic.com/gC6yNbQq8CqvXgSqXQZAoH/fonts/1459824891.ttf]
[file.myfontastic.com/gC6yNbQq8CqvXgSqXQZAoH/icons.css]
[aliensix.com/particles-1.4/HTML/index.html]
[file.myfontastic.com/gC6yNbQq8CqvXgSqXQZAoH/fonts/1459824891.svg]
